node.exe : npm warn Unknown env config "devdir". This will stop working in the next major version of npm. See `npm 
help npmrc` for supported config options.
At line:1 char:1
+ & "C:\Program Files\nodejs/node.exe" "C:\Program Files\nodejs/node_mo ...
+ ~~~~~~~~~~~~~~~~~~~~~~~~~~~~~~~~~~~~~~~~~~~~~~~~~~~~~~~~~~~~~~~~~~~~~
    + CategoryInfo          : NotSpecified: (npm warn Unknow...config options.:String) [], RemoteException
    + FullyQualifiedErrorId : NativeCommandError
 
API/ADMIN/services/fetch.vendor.detail/index.ts(57,32): error TS2769: No overload matches this call.
  Overload 1 of 4, '(filter?: _QueryFilter<{ message: string; userId: string; toJSON: { <PopulatedRawDocType, DepopulatedRawDocType>(this: PopulatedDocumentMarker<PopulatedRawDocType, DepopulatedRawDocType>, options: { depopulate: true; }): Require_id<...> extends { ...; } ? { ...; } & Require_id<...> : Require_id<...> & { ...; }; <PopulatedRawDocType, DepopulatedRawDocType, O extends ToObjectOptions & { depopulate: true; }>(this: PopulatedDocumentMarker<...>, options: O): ApplyVersionKey<...>; <PopulatedRawDocType, O extends ToObjectOptions>(this: PopulatedDocumentMarker<...>, options: O): ApplyVersionKey<...>; <PopulatedRawDocType>(this: PopulatedDocumentMarker<...>): Require_id<...> extends { ...; } ? { ...; } & Require_id<...> : Require_id<...> & { ...; }; <O extends ToObjectOptions>(options: O): ApplyVersionKey<...>; (options?: ToObjectOptions<...> | undefined): any; <T>(options?: ToObjectOptions<...> | undefined): Require_id<...> & { ...; }; }; ... 222 more ...; "schema.virtualpath": (name: string) => VirtualType<...> | null; }> | undefined, projection?: ProjectionType<...> | ... 1 more ... | undefined, options?: (QueryOptions<...> & Abortable) | undefined): Query<...>', gave the following error.
    Type 'ObjectId' is not assignable to type 'StrictCondition<ApplyBasicQueryCasting<string>> | undefined'.
      Type 'ObjectId' is missing the following properties from type 'BSONRegExp': pattern, options
  Overload 2 of 4, '(filter?: Query<any, any, {}, unknown, "find", Record<string, never>> | undefined, projection?: ProjectionType<ILivestreamCommentDocument> | null | undefined, options?: (QueryOptions<...> & Abortable) | undefined): Query<...>', gave the following error.
    Object literal may only specify known properties, and 'userId' does not exist in type 'Query<any, any, {}, unknown, "find", Record<string, never>>'.
API/LIVE_ALERTS/services/manage.subscription/index.ts(51,39): error TS2345: Argument of type '"vendor" | "product" | "store"' is not assignable to parameter of type '"vendor" | "store"'.
  Type '"product"' is not assignable to type '"vendor" | "store"'.
API/LIVE_ALERTS/services/manage.subscription/index.ts(172,26): error TS2339: Property 'createdAt' does not exist on type 'ILiveAlertSubscriptionDocument & Required<{ _id: ObjectId; }> & { __v: number; }'.
API/LIVE_ALERTS/utils/resolveVendorInteractors.ts(7,8): error TS2307: Cannot find module '../../../LIVESTREAMS/models/index.js' or its corresponding type declarations.
API/LIVE_ALERTS/utils/resolveVendorInteractors.ts(8,23): error TS2307: Cannot find module '../../../ORDERS/models/index.js' or its corresponding type declarations.
API/LIVE_ALERTS/utils/resolveVendorInteractors.ts(18,42): error TS7006: Parameter 'session' implicitly has an 'any' type.
API/LIVE_ALERTS/utils/resolveVendorInteractors.ts(23,13): error TS7006: Parameter 'buyerId' implicitly has an 'any' type.
API/LIVE_ALERTS/utils/resolveVendorInteractors.ts(24,16): error TS7006: Parameter 'userId' implicitly has an 'any' type.
API/LIVESTREAMS/services/admin.cancel.livestream/index.ts(27,44): error TS2769: No overload matches this call.
  Overload 1 of 4, '(filter?: _QueryFilter<{ toJSON: { <PopulatedRawDocType, DepopulatedRawDocType>(this: PopulatedDocumentMarker<PopulatedRawDocType, DepopulatedRawDocType>, options: { depopulate: true; }): Require_id<...> extends { ...; } ? { ...; } & Require_id<...> : Require_id<...> & { ...; }; <PopulatedRawDocType, DepopulatedRawDocType, O extends ToObjectOptions & { depopulate: true; }>(this: PopulatedDocumentMarker<...>, options: O): ApplyVersionKey<...>; <PopulatedRawDocType, O extends ToObjectOptions>(this: PopulatedDocumentMarker<...>, options: O): ApplyVersionKey<...>; <PopulatedRawDocType>(this: PopulatedDocumentMarker<...>): Require_id<...> extends { ...; } ? { ...; } & Require_id<...> : Require_id<...> & { ...; }; <O extends ToObjectOptions>(options: O): ApplyVersionKey<...>; (options?: ToObjectOptions<...> | undefined): any; <T>(options?: ToObjectOptions<...> | undefined): Require_id<...> & { ...; }; }; ... 272 more ...; "schema.virtualpath": (name: string) => VirtualType<...> | null; }> | undefined, projection?: ProjectionType<...> | ... 1 more ... | undefined, options?: (QueryOptions<...> & Abortable) | ... 1 more ... | undefined): Query<...>', gave the following error.
    Argument of type '{ _id: string | undefined; status: string; }' is not assignable to parameter of type '_QueryFilter<{ toJSON: { <PopulatedRawDocType, DepopulatedRawDocType>(this: PopulatedDocumentMarker<PopulatedRawDocType, DepopulatedRawDocType>, options: { depopulate: true; }): Require_id<...> extends { ...; } ? { ...; } & Require_id<...> : Require_id<...> & { ...; }; <PopulatedRawDocType, DepopulatedRawDocType, O ...' with 'exactOptionalPropertyTypes: true'. Consider adding 'undefined' to the types of the target's properties.
      Type '{ _id: string | undefined; status: string; }' is not assignable to type '{ toJSON?: StrictCondition<ApplyBasicQueryCasting<{ <PopulatedRawDocType, DepopulatedRawDocType>(this: PopulatedDocumentMarker<PopulatedRawDocType, DepopulatedRawDocType>, options: { depopulate: true; }): Require_id<...> extends { ...; } ? { ...; } & Require_id<...> : Require_id<...> & { ...; }; <PopulatedRawDocType...' with 'exactOptionalPropertyTypes: true'. Consider adding 'undefined' to the types of the target's properties.
        Types of property '_id' are incompatible.
          Type 'string | undefined' is not assignable to type 'StrictCondition<ApplyBasicQueryCasting<ObjectId>>'.
            Type 'undefined' is not assignable to type 'StrictCondition<ApplyBasicQueryCasting<ObjectId>>'.
  Overload 2 of 4, '(filter?: Query<any, any, {}, unknown, "find", Record<string, never>> | undefined, projection?: ProjectionType<ILivestreamSessionDocument> | null | undefined, options?: (QueryOptions<...> & Abortable) | ... 1 more ... | undefined): Query<...>', gave the following error.
    Object literal may only specify known properties, and '_id' does not exist in type 'Query<any, any, {}, unknown, "find", Record<string, never>>'.
API/LIVESTREAMS/services/admin.cancel.livestream/index.ts(50,32): error TS2345: Argument of type 'string | undefined' is not assignable to parameter of type 'string'.
  Type 'undefined' is not assignable to type 'string'.
API/LIVESTREAMS/services/ban.participant/index.ts(36,7): error TS2769: No overload matches this call.
  The last overload gave the following error.
    Object literal may only specify known properties, and '_id' does not exist in type 'Query<any, any, {}, unknown, "find", Record<string, never>>'.
API/LIVESTREAMS/services/ban.participant/index.ts(45,32): error TS2345: Argument of type 'string | undefined' is not assignable to parameter of type 'string'.
  Type 'undefined' is not assignable to type 'string'.
API/LIVESTREAMS/services/cancel.livestream/index.ts(24,44): error TS2769: No overload matches this call.
  Overload 1 of 4, '(filter?: _QueryFilter<{ toJSON: { <PopulatedRawDocType, DepopulatedRawDocType>(this: PopulatedDocumentMarker<PopulatedRawDocType, DepopulatedRawDocType>, options: { depopulate: true; }): Require_id<...> extends { ...; } ? { ...; } & Require_id<...> : Require_id<...> & { ...; }; <PopulatedRawDocType, DepopulatedRawDocType, O extends ToObjectOptions & { depopulate: true; }>(this: PopulatedDocumentMarker<...>, options: O): ApplyVersionKey<...>; <PopulatedRawDocType, O extends ToObjectOptions>(this: PopulatedDocumentMarker<...>, options: O): ApplyVersionKey<...>; <PopulatedRawDocType>(this: PopulatedDocumentMarker<...>): Require_id<...> extends { ...; } ? { ...; } & Require_id<...> : Require_id<...> & { ...; }; <O extends ToObjectOptions>(options: O): ApplyVersionKey<...>; (options?: ToObjectOptions<...> | undefined): any; <T>(options?: ToObjectOptions<...> | undefined): Require_id<...> & { ...; }; }; ... 272 more ...; "schema.virtualpath": (name: string) => VirtualType<...> | null; }> | undefined, projection?: ProjectionType<...> | ... 1 more ... | undefined, options?: (QueryOptions<...> & Abortable) | ... 1 more ... | undefined): Query<...>', gave the following error.
    Argument of type '{ _id: string | undefined; vendorId: string; status: string; }' is not assignable to parameter of type '_QueryFilter<{ toJSON: { <PopulatedRawDocType, DepopulatedRawDocType>(this: PopulatedDocumentMarker<PopulatedRawDocType, DepopulatedRawDocType>, options: { depopulate: true; }): Require_id<...> extends { ...; } ? { ...; } & Require_id<...> : Require_id<...> & { ...; }; <PopulatedRawDocType, DepopulatedRawDocType, O ...' with 'exactOptionalPropertyTypes: true'. Consider adding 'undefined' to the types of the target's properties.
      Type '{ _id: string | undefined; vendorId: string; status: string; }' is not assignable to type '{ toJSON?: StrictCondition<ApplyBasicQueryCasting<{ <PopulatedRawDocType, DepopulatedRawDocType>(this: PopulatedDocumentMarker<PopulatedRawDocType, DepopulatedRawDocType>, options: { depopulate: true; }): Require_id<...> extends { ...; } ? { ...; } & Require_id<...> : Require_id<...> & { ...; }; <PopulatedRawDocType...' with 'exactOptionalPropertyTypes: true'. Consider adding 'undefined' to the types of the target's properties.
        Types of property '_id' are incompatible.
          Type 'string | undefined' is not assignable to type 'StrictCondition<ApplyBasicQueryCasting<ObjectId>>'.
            Type 'undefined' is not assignable to type 'StrictCondition<ApplyBasicQueryCasting<ObjectId>>'.
  Overload 2 of 4, '(filter?: Query<any, any, {}, unknown, "find", Record<string, never>> | undefined, projection?: ProjectionType<ILivestreamSessionDocument> | null | undefined, options?: (QueryOptions<...> & Abortable) | ... 1 more ... | undefined): Query<...>', gave the following error.
    Object literal may only specify known properties, and '_id' does not exist in type 'Query<any, any, {}, unknown, "find", Record<string, never>>'.
API/LIVESTREAMS/services/cancel.livestream/index.ts(50,34): error TS2345: Argument of type 'string | undefined' is not assignable to parameter of type 'string'.
  Type 'undefined' is not assignable to type 'string'.
API/LIVESTREAMS/services/cancel.livestream/index.ts(57,24): error TS2345: Argument of type 'string | undefined' is not assignable to parameter of type 'string'.
  Type 'undefined' is not assignable to type 'string'.
API/LIVESTREAMS/services/clip.highlight/index.ts(21,5): error TS2322: Type 'string | undefined' is not assignable to type 'string'.
  Type 'undefined' is not assignable to type 'string'.
API/LIVESTREAMS/services/create.live.order/index.ts(26,46): error TS2769: No overload matches this call.
  Overload 1 of 4, '(filter?: _QueryFilter<{ toJSON: { <PopulatedRawDocType, DepopulatedRawDocType>(this: PopulatedDocumentMarker<PopulatedRawDocType, DepopulatedRawDocType>, options: { depopulate: true; }): Require_id<...> extends { ...; } ? { ...; } & Require_id<...> : Require_id<...> & { ...; }; <PopulatedRawDocType, DepopulatedRawDocType, O extends ToObjectOptions & { depopulate: true; }>(this: PopulatedDocumentMarker<...>, options: O): ApplyVersionKey<...>; <PopulatedRawDocType, O extends ToObjectOptions>(this: PopulatedDocumentMarker<...>, options: O): ApplyVersionKey<...>; <PopulatedRawDocType>(this: PopulatedDocumentMarker<...>): Require_id<...> extends { ...; } ? { ...; } & Require_id<...> : Require_id<...> & { ...; }; <O extends ToObjectOptions>(options: O): ApplyVersionKey<...>; (options?: ToObjectOptions<...> | undefined): any; <T>(options?: ToObjectOptions<...> | undefined): Require_id<...> & { ...; }; }; ... 272 more ...; "schema.virtualpath": (name: string) => VirtualType<...> | null; }> | undefined, projection?: ProjectionType<...> | ... 1 more ... | undefined, options?: (QueryOptions<...> & Abortable) | ... 1 more ... | undefined): Query<...>', gave the following error.
    Argument of type '{ _id: string | undefined; status: string; endedAt: { $exists: false; }; }' is not assignable to parameter of type '_QueryFilter<{ toJSON: { <PopulatedRawDocType, DepopulatedRawDocType>(this: PopulatedDocumentMarker<PopulatedRawDocType, DepopulatedRawDocType>, options: { depopulate: true; }): Require_id<...> extends { ...; } ? { ...; } & Require_id<...> : Require_id<...> & { ...; }; <PopulatedRawDocType, DepopulatedRawDocType, O ...' with 'exactOptionalPropertyTypes: true'. Consider adding 'undefined' to the types of the target's properties.
      Type '{ _id: string | undefined; status: string; endedAt: { $exists: false; }; }' is not assignable to type '{ toJSON?: StrictCondition<ApplyBasicQueryCasting<{ <PopulatedRawDocType, DepopulatedRawDocType>(this: PopulatedDocumentMarker<PopulatedRawDocType, DepopulatedRawDocType>, options: { depopulate: true; }): Require_id<...> extends { ...; } ? { ...; } & Require_id<...> : Require_id<...> & { ...; }; <PopulatedRawDocType...' with 'exactOptionalPropertyTypes: true'. Consider adding 'undefined' to the types of the target's properties.
        Types of property '_id' are incompatible.
          Type 'string | undefined' is not assignable to type 'StrictCondition<ApplyBasicQueryCasting<ObjectId>>'.
            Type 'undefined' is not assignable to type 'StrictCondition<ApplyBasicQueryCasting<ObjectId>>'.
  Overload 2 of 4, '(filter?: Query<any, any, {}, unknown, "find", Record<string, never>> | undefined, projection?: ProjectionType<ILivestreamSessionDocument> | null | undefined, options?: (QueryOptions<...> & Abortable) | ... 1 more ... | undefined): Query<...>', gave the following error.
    Object literal may only specify known properties, and '_id' does not exist in type 'Query<any, any, {}, unknown, "find", Record<string, never>>'.
API/LIVESTREAMS/services/create.live.order/index.ts(45,47): error TS2769: No overload matches this call.
  Overload 1 of 4, '(filter?: _QueryFilter<{ toJSON: { <PopulatedRawDocType, DepopulatedRawDocType>(this: PopulatedDocumentMarker<PopulatedRawDocType, DepopulatedRawDocType>, options: { depopulate: true; }): Require_id<...> extends { ...; } ? { ...; } & Require_id<...> : Require_id<...> & { ...; }; <PopulatedRawDocType, DepopulatedRawDocType, O extends ToObjectOptions & { depopulate: true; }>(this: PopulatedDocumentMarker<...>, options: O): ApplyVersionKey<...>; <PopulatedRawDocType, O extends ToObjectOptions>(this: PopulatedDocumentMarker<...>, options: O): ApplyVersionKey<...>; <PopulatedRawDocType>(this: PopulatedDocumentMarker<...>): Require_id<...> extends { ...; } ? { ...; } & Require_id<...> : Require_id<...> & { ...; }; <O extends ToObjectOptions>(options: O): ApplyVersionKey<...>; (options?: ToObjectOptions<...> | undefined): any; <T>(options?: ToObjectOptions<...> | undefined): Require_id<...> & { ...; }; }; ... 233 more ...; endsAt: Date; }> | undefined, projection?: ProjectionType<...> | ... 1 more ... | undefined, options?: (QueryOptions<...> & Abortable) | ... 1 more ... | undefined): Query<...>', gave the following error.
    Argument of type '{ livestreamId: string | undefined; productId: mongoose.Types.ObjectId; status: "open"; endsAt: { $gt: Date; }; }' is not assignable to parameter of type '_QueryFilter<{ toJSON: { <PopulatedRawDocType, DepopulatedRawDocType>(this: PopulatedDocumentMarker<PopulatedRawDocType, DepopulatedRawDocType>, options: { depopulate: true; }): Require_id<...> extends { ...; } ? { ...; } & Require_id<...> : Require_id<...> & { ...; }; <PopulatedRawDocType, DepopulatedRawDocType, O ...' with 'exactOptionalPropertyTypes: true'. Consider adding 'undefined' to the types of the target's properties.
      Type '{ livestreamId: string | undefined; productId: mongoose.Types.ObjectId; status: "open"; endsAt: { $gt: Date; }; }' is not assignable to type '{ toJSON?: StrictCondition<ApplyBasicQueryCasting<{ <PopulatedRawDocType, DepopulatedRawDocType>(this: PopulatedDocumentMarker<PopulatedRawDocType, DepopulatedRawDocType>, options: { depopulate: true; }): Require_id<...> extends { ...; } ? { ...; } & Require_id<...> : Require_id<...> & { ...; }; <PopulatedRawDocType...' with 'exactOptionalPropertyTypes: true'. Consider adding 'undefined' to the types of the target's properties.
        Types of property 'livestreamId' are incompatible.
          Type 'string | undefined' is not assignable to type 'StrictCondition<ApplyBasicQueryCasting<ObjectId>>'.
            Type 'undefined' is not assignable to type 'StrictCondition<ApplyBasicQueryCasting<ObjectId>>'.
  Overload 2 of 4, '(filter?: Query<any, any, {}, unknown, "find", Record<string, never>> | undefined, projection?: ProjectionType<ILivestreamAuctionDocument> | null | undefined, options?: (QueryOptions<...> & Abortable) | ... 1 more ... | undefined): Query<...>', gave the following error.
    Object literal may only specify known properties, and 'livestreamId' does not exist in type 'Query<any, any, {}, unknown, "find", Record<string, never>>'.
API/LIVESTREAMS/services/create.livestream/index.ts(94,56): error TS2769: No overload matches this call.
  The last overload gave the following error.
    Argument of type '{ agoraChannelName: string; agoraAppId: string; hostToken: string; hostTokenExpiresAt: number; agoraHostUid: number; streamProvider: "agora" | "cloudflare"; playbackUrl: string | undefined; ... 9 more ...; hostUserId: string; }' is not assignable to parameter of type '{ vendorId?: ObjectIdQueryTypeCasting; storeId?: ObjectIdQueryTypeCasting; hostUserId?: ObjectIdQueryTypeCasting; ... 82 more ...; validateSync?: { ...; }; }' with 'exactOptionalPropertyTypes: true'. Consider adding 'undefined' to the types of the target's properties.
      Types of property 'playbackUrl' are incompatible.
        Type 'string | undefined' is not assignable to type 'string | RegExp'.
          Type 'undefined' is not assignable to type 'string | RegExp'.
API/LIVESTREAMS/services/create.livestream/index.ts(119,21): error TS2339: Property 'recordingEnabled' does not exist on type 'never'.
API/LIVESTREAMS/services/create.livestream/index.ts(120,61): error TS2379: Argument of type '{ livestreamId: any; provider: "agora" | "cloudflare"; channelName: string; hostToken: string; hostUid: number; cloudflareInputId: string | undefined; }' is not assignable to parameter of type '{ livestreamId: string | ObjectId; provider: "agora" | "cloudflare"; channelName: string; hostToken: string; hostUid: number; cloudflareInputId?: string; }' with 'exactOptionalPropertyTypes: true'. Consider adding 'undefined' to the types of the target's properties.
  Types of property 'cloudflareInputId' are incompatible.
    Type 'string | undefined' is not assignable to type 'string'.
      Type 'undefined' is not assignable to type 'string'.
API/LIVESTREAMS/services/create.livestream/index.ts(121,39): error TS2339: Property '_id' does not exist on type 'never'.
API/LIVESTREAMS/services/create.livestream/index.ts(128,70): error TS2339: Property '_id' does not exist on type 'never'.
API/LIVESTREAMS/services/create.livestream/index.ts(133,99): error TS2339: Property '_id' does not exist on type 'never'.
API/LIVESTREAMS/services/create.livestream/index.ts(139,37): error TS2379: Argument of type '{ vendorId: string; storeId: string | undefined; livestreamId: string; title: string; hostUserId: string; listedProductIds: string[]; }' is not assignable to parameter of type 'DispatchLiveAlertsInput' with 'exactOptionalPropertyTypes: true'. Consider adding 'undefined' to the types of the target's properties.
  Types of property 'storeId' are incompatible.
    Type 'string | undefined' is not assignable to type 'string'.
      Type 'undefined' is not assignable to type 'string'.
API/LIVESTREAMS/services/create.livestream/index.ts(142,46): error TS2339: Property '_id' does not exist on type 'never'.
API/LIVESTREAMS/services/create.livestream/index.ts(147,66): error TS2339: Property '_id' does not exist on type 'never'.
API/LIVESTREAMS/services/create.livestream/index.ts(150,68): error TS2339: Property '_id' does not exist on type 'never'.
API/LIVESTREAMS/services/fetch.active.livestreams/index.ts(60,26): error TS2345: Argument of type '(p: { media?: Array<{ isPrimary?: boolean; thumbnailUrl?: string; }>; }) => { isPrimary?: boolean; thumbnailUrl?: string; }[]' is not assignable to parameter of type '(this: undefined, value: (IProductDocument & Required<{ _id: ObjectId; }> & { __v: number; }) | undefined, index: number, array: ((IProductDocument & Required<...> & { ...; }) | undefined)[]) => { ...; } | readonly { ...; }[]'.
  Types of parameters 'p' and 'value' are incompatible.
    Type '(IProductDocument & Required<{ _id: ObjectId; }> & { __v: number; }) | undefined' is not assignable to type '{ media?: { isPrimary?: boolean; thumbnailUrl?: string; }[]; }'.
      Type 'undefined' is not assignable to type '{ media?: { isPrimary?: boolean; thumbnailUrl?: string; }[]; }'.
API/LIVESTREAMS/services/fetch.active.livestreams/index.ts(62,43): error TS2345: Argument of type '(p: { media?: Array<{ thumbnailUrl?: string; }>; }) => { thumbnailUrl?: string; }[]' is not assignable to parameter of type '(this: undefined, value: (IProductDocument & Required<{ _id: ObjectId; }> & { __v: number; }) | undefined, index: number, array: ((IProductDocument & Required<...> & { ...; }) | undefined)[]) => { ...; } | readonly { ...; }[]'.
  Types of parameters 'p' and 'value' are incompatible.
    Type '(IProductDocument & Required<{ _id: ObjectId; }> & { __v: number; }) | undefined' is not assignable to type '{ media?: { thumbnailUrl?: string; }[]; }'.
      Type 'undefined' is not assignable to type '{ media?: { thumbnailUrl?: string; }[]; }'.
API/LIVESTREAMS/services/fetch.auction.winners/index.ts(23,46): error TS2769: No overload matches this call.
  Overload 1 of 4, '(filter?: _QueryFilter<{ toJSON: { <PopulatedRawDocType, DepopulatedRawDocType>(this: PopulatedDocumentMarker<PopulatedRawDocType, DepopulatedRawDocType>, options: { depopulate: true; }): Require_id<...> extends { ...; } ? { ...; } & Require_id<...> : Require_id<...> & { ...; }; <PopulatedRawDocType, DepopulatedRawDocType, O extends ToObjectOptions & { depopulate: true; }>(this: PopulatedDocumentMarker<...>, options: O): ApplyVersionKey<...>; <PopulatedRawDocType, O extends ToObjectOptions>(this: PopulatedDocumentMarker<...>, options: O): ApplyVersionKey<...>; <PopulatedRawDocType>(this: PopulatedDocumentMarker<...>): Require_id<...> extends { ...; } ? { ...; } & Require_id<...> : Require_id<...> & { ...; }; <O extends ToObjectOptions>(options: O): ApplyVersionKey<...>; (options?: ToObjectOptions<...> | undefined): any; <T>(options?: ToObjectOptions<...> | undefined): Require_id<...> & { ...; }; }; ... 272 more ...; "schema.virtualpath": (name: string) => VirtualType<...> | null; }> | undefined, projection?: ProjectionType<...> | ... 1 more ... | undefined, options?: (QueryOptions<...> & Abortable) | ... 1 more ... | undefined): Query<...>', gave the following error.
    Argument of type '{ _id: string | undefined; vendorId: string; }' is not assignable to parameter of type '_QueryFilter<{ toJSON: { <PopulatedRawDocType, DepopulatedRawDocType>(this: PopulatedDocumentMarker<PopulatedRawDocType, DepopulatedRawDocType>, options: { depopulate: true; }): Require_id<...> extends { ...; } ? { ...; } & Require_id<...> : Require_id<...> & { ...; }; <PopulatedRawDocType, DepopulatedRawDocType, O ...' with 'exactOptionalPropertyTypes: true'. Consider adding 'undefined' to the types of the target's properties.
      Type '{ _id: string | undefined; vendorId: string; }' is not assignable to type '{ toJSON?: StrictCondition<ApplyBasicQueryCasting<{ <PopulatedRawDocType, DepopulatedRawDocType>(this: PopulatedDocumentMarker<PopulatedRawDocType, DepopulatedRawDocType>, options: { depopulate: true; }): Require_id<...> extends { ...; } ? { ...; } & Require_id<...> : Require_id<...> & { ...; }; <PopulatedRawDocType...' with 'exactOptionalPropertyTypes: true'. Consider adding 'undefined' to the types of the target's properties.
        Types of property '_id' are incompatible.
          Type 'string | undefined' is not assignable to type 'StrictCondition<ApplyBasicQueryCasting<ObjectId>>'.
            Type 'undefined' is not assignable to type 'StrictCondition<ApplyBasicQueryCasting<ObjectId>>'.
  Overload 2 of 4, '(filter?: Query<any, any, {}, unknown, "find", Record<string, never>> | undefined, projection?: ProjectionType<ILivestreamSessionDocument> | null | undefined, options?: (QueryOptions<...> & Abortable) | ... 1 more ... | undefined): Query<...>', gave the following error.
    Object literal may only specify known properties, and '_id' does not exist in type 'Query<any, any, {}, unknown, "find", Record<string, never>>'.
API/LIVESTREAMS/services/fetch.livestream/index.ts(17,24): error TS2367: This comparison appears to be unintentional because the types 'UserRole' and '"vendor"' have no overlap.
API/LIVESTREAMS/services/join.livestream/index.ts(51,19): error TS2339: Property 'platformBanned' does not exist on type 'IUserDocument & Required<{ _id: ObjectId; }> & { __v: number; }'.
API/LIVESTREAMS/services/join.livestream/index.ts(57,19): error TS2339: Property 'livestreamBanned' does not exist on type 'IUserDocument & Required<{ _id: ObjectId; }> & { __v: number; }'.
API/LIVESTREAMS/services/manage.recording/index.ts(35,7): error TS2769: No overload matches this call.
  The last overload gave the following error.
    Object literal may only specify known properties, and '_id' does not exist in type 'Query<any, any, {}, unknown, "find", Record<string, never>>'.
API/LIVESTREAMS/services/manage.recording/index.ts(68,7): error TS2769: No overload matches this call.
  The last overload gave the following error.
    Object literal may only specify known properties, and '_id' does not exist in type 'Query<any, any, {}, unknown, "find", Record<string, never>>'.
API/LIVESTREAMS/services/update.listed.products/index.ts(42,7): error TS2769: No overload matches this call.
  The last overload gave the following error.
    Object literal may only specify known properties, and '_id' does not exist in type 'Query<any, any, {}, unknown, "find", Record<string, never>>'.
API/LIVESTREAMS/services/update.listed.products/index.ts(51,37): error TS2345: Argument of type 'string | undefined' is not assignable to parameter of type 'string'.
  Type 'undefined' is not assignable to type 'string'.
API/LIVESTREAMS/services/update.listed.products/index.ts(53,57): error TS2345: Argument of type 'string | undefined' is not assignable to parameter of type 'string'.
  Type 'undefined' is not assignable to type 'string'.
API/LIVESTREAMS/utils/commentAuthor.ts(19,10): error TS2352: Conversion of type 'IUserDocument & Required<{ _id: ObjectId; }> & { __v: number; }' to type '{ profileImage: string; }' may be a mistake because neither type sufficiently overlaps with the other. If this was intentional, convert the expression to 'unknown' first.
  Property 'profileImage' is missing in type 'IUserDocument & Required<{ _id: ObjectId; }> & { __v: number; }' but required in type '{ profileImage: string; }'.
API/LIVESTREAMS/utils/hostBroadcast.ts(27,5): error TS2375: Type '{ hostUid: number; hostToken: string; expiresAt: number | undefined; }' is not assignable to type 'ResolvedHostBroadcast' with 'exactOptionalPropertyTypes: true'. Consider adding 'undefined' to the types of the target's properties.
  Types of property 'expiresAt' are incompatible.
    Type 'number | undefined' is not assignable to type 'number'.
      Type 'undefined' is not assignable to type 'number'.
API/LIVESTREAMS/utils/hostBroadcast.ts(38,5): error TS2375: Type '{ hostUid: number; hostToken: string; expiresAt: number | undefined; }' is not assignable to type 'ResolvedHostBroadcast' with 'exactOptionalPropertyTypes: true'. Consider adding 'undefined' to the types of the target's properties.
  Types of property 'expiresAt' are incompatible.
    Type 'number | undefined' is not assignable to type 'number'.
      Type 'undefined' is not assignable to type 'number'.
API/LIVESTREAMS/utils/hostBroadcast.ts(62,3): error TS2375: Type '{ hostUid: number; hostToken: string; expiresAt: number | undefined; }' is not assignable to type 'ResolvedHostBroadcast' with 'exactOptionalPropertyTypes: true'. Consider adding 'undefined' to the types of the target's properties.
  Types of property 'expiresAt' are incompatible.
    Type 'number | undefined' is not assignable to type 'number'.
      Type 'undefined' is not assignable to type 'number'.
API/LIVESTREAMS/utils/viewerStream.ts(34,77): error TS2379: Argument of type '{ channelName: string; externalUserId: string; expireSeconds: number; provider: "agora" | "cloudflare"; playbackUrl: string | undefined; }' is not assignable to parameter of type '{ channelName: string; externalUserId: string; expireSeconds?: number; provider?: "agora" | "cloudflare"; playbackUrl?: string | null; }' with 'exactOptionalPropertyTypes: true'. Consider adding 'undefined' to the types of the target's properties.
  Types of property 'playbackUrl' are incompatible.
    Type 'string | undefined' is not assignable to type 'string | null'.
      Type 'undefined' is not assignable to type 'string | null'.
API/ORDERS/services/vendor.auction.order/index.ts(27,29): error TS2769: No overload matches this call.
  Overload 1 of 4, '(filter?: _QueryFilter<{ toJSON: { <PopulatedRawDocType, DepopulatedRawDocType>(this: PopulatedDocumentMarker<PopulatedRawDocType, DepopulatedRawDocType>, options: { depopulate: true; }): Require_id<...> extends { ...; } ? { ...; } & Require_id<...> : Require_id<...> & { ...; }; <PopulatedRawDocType, DepopulatedRawDocType, O extends ToObjectOptions & { depopulate: true; }>(this: PopulatedDocumentMarker<...>, options: O): ApplyVersionKey<...>; <PopulatedRawDocType, O extends ToObjectOptions>(this: PopulatedDocumentMarker<...>, options: O): ApplyVersionKey<...>; <PopulatedRawDocType>(this: PopulatedDocumentMarker<...>): Require_id<...> extends { ...; } ? { ...; } & Require_id<...> : Require_id<...> & { ...; }; <O extends ToObjectOptions>(options: O): ApplyVersionKey<...>; (options?: ToObjectOptions<...> | undefined): any; <T>(options?: ToObjectOptions<...> | undefined): Require_id<...> & { ...; }; }; ... 247 more ...; "breakdown.totalAmount": number; }> | undefined, projection?: ProjectionType<...> | ... 1 more ... | undefined, options?: (QueryOptions<...> & Abortable) | ... 1 more ... | undefined): Query<...>', gave the following error.
    Argument of type '{ _id: string | undefined; vendorId: string; source: "livestream_auction"; paymentStatus: "pending"; }' is not assignable to parameter of type '_QueryFilter<{ toJSON: { <PopulatedRawDocType, DepopulatedRawDocType>(this: PopulatedDocumentMarker<PopulatedRawDocType, DepopulatedRawDocType>, options: { depopulate: true; }): Require_id<...> extends { ...; } ? { ...; } & Require_id<...> : Require_id<...> & { ...; }; <PopulatedRawDocType, DepopulatedRawDocType, O ...' with 'exactOptionalPropertyTypes: true'. Consider adding 'undefined' to the types of the target's properties.
      Type '{ _id: string | undefined; vendorId: string; source: "livestream_auction"; paymentStatus: "pending"; }' is not assignable to type '{ toJSON?: StrictCondition<ApplyBasicQueryCasting<{ <PopulatedRawDocType, DepopulatedRawDocType>(this: PopulatedDocumentMarker<PopulatedRawDocType, DepopulatedRawDocType>, options: { depopulate: true; }): Require_id<...> extends { ...; } ? { ...; } & Require_id<...> : Require_id<...> & { ...; }; <PopulatedRawDocType...' with 'exactOptionalPropertyTypes: true'. Consider adding 'undefined' to the types of the target's properties.
        Types of property '_id' are incompatible.
          Type 'string | undefined' is not assignable to type 'StrictCondition<ApplyBasicQueryCasting<ObjectId>>'.
            Type 'undefined' is not assignable to type 'StrictCondition<ApplyBasicQueryCasting<ObjectId>>'.
  Overload 2 of 4, '(filter?: Query<any, any, {}, unknown, "find", Record<string, never>> | undefined, projection?: ProjectionType<IOrderDocument> | null | undefined, options?: (QueryOptions<...> & Abortable) | ... 1 more ... | undefined): Query<...>', gave the following error.
    Object literal may only specify known properties, and '_id' does not exist in type 'Query<any, any, {}, unknown, "find", Record<string, never>>'.
API/ORDERS/services/vendor.auction.order/index.ts(67,7): error TS2769: No overload matches this call.
  The last overload gave the following error.
    Object literal may only specify known properties, and '_id' does not exist in type 'Query<any, any, {}, unknown, "find", Record<string, never>>'.
API/ORDERS/services/vendor.auction.order/index.ts(77,30): error TS2345: Argument of type 'ModifyResult<IOrderDocument>' is not assignable to parameter of type 'IOrderDocument & { buyer?: { name?: string; email?: string; }; }'.
  Type 'ModifyResult<IOrderDocument>' is missing the following properties from type 'IOrderDocument': buyerId, vendorId, productId, source, and 66 more.
API/ORDERS/utils/index.ts(89,7): error TS2304: Cannot find name 'unitPrice'.
API/ORDERS/utils/index.ts(94,28): error TS2304: Cannot find name 'unitPrice'.
API/ORDERS/utils/index.ts(110,26): error TS2304: Cannot find name 'unitPrice'.
API/ORDERS/utils/index.ts(111,28): error TS2304: Cannot find name 'unitPrice'.
API/ORDERS/utils/index.ts(124,18): error TS2304: Cannot find name 'unitPrice'.
API/PRODUCTS/routes/index.ts(438,24): error TS2769: No overload matches this call.
  Overload 1 of 2, '(this: ZodObject<...>, metadata: Partial<ZodOpenAPIMetadata<{ success: boolean; message: string; data: { assets: { _id: string; vendorId: string; kind: "image" | "model_3d"; url: string; publicId: string; mimeType: string; format: string; sizeBytes: number; ... 7 more ...; attachedProductId?: string | undefined; }[]; }; }, { ...; }>>): ZodObject<...>', gave the following error.
    Type '{ success: boolean; message: string; data: { assets: ({ _id: string; vendorId: string; kind: string; url: string; thumbnailUrl: string; publicId: string; mimeType: string; format: string; sizeBytes: number; ... 5 more ...; posterPublicId?: never; } | { ...; })[]; }; }' is not assignable to type '{ success: boolean; message: string; data: { assets: { _id: string; vendorId: string; kind: "image" | "model_3d"; url: string; publicId: string; mimeType: string; format: string; sizeBytes: number; ... 7 more ...; attachedProductId?: string | undefined; }[]; }; }'.
      The types of 'data.assets' are incompatible between these types.
        Type '({ _id: string; vendorId: string; kind: string; url: string; thumbnailUrl: string; publicId: string; mimeType: string; format: string; sizeBytes: number; originalName: string; status: string; createdAt: string; updatedAt: string; posterUrl?: never; posterPublicId?: never; } | { ...; })[]' is not assignable to type '{ _id: string; vendorId: string; kind: "image" | "model_3d"; url: string; publicId: string; mimeType: string; format: string; sizeBytes: number; originalName: string; status: "ready" | "attached"; ... 5 more ...; attachedProductId?: string | undefined; }[]'.
          Type '{ _id: string; vendorId: string; kind: string; url: string; thumbnailUrl: string; publicId: string; mimeType: string; format: string; sizeBytes: number; originalName: string; status: string; createdAt: string; updatedAt: string; posterUrl?: never; posterPublicId?: never; } | { ...; }' is not assignable to type '{ _id: string; vendorId: string; kind: "image" | "model_3d"; url: string; publicId: string; mimeType: string; format: string; sizeBytes: number; originalName: string; status: "ready" | "attached"; ... 5 more ...; attachedProductId?: string | undefined; }'.
            Type '{ _id: string; vendorId: string; kind: string; url: string; thumbnailUrl: string; publicId: string; mimeType: string; format: string; sizeBytes: number; originalName: string; status: string; createdAt: string; updatedAt: string; posterUrl?: never; posterPublicId?: never; }' is not assignable to type '{ _id: string; vendorId: string; kind: "image" | "model_3d"; url: string; publicId: string; mimeType: string; format: string; sizeBytes: number; originalName: string; status: "ready" | "attached"; ... 5 more ...; attachedProductId?: string | undefined; }'.
              Types of property 'kind' are incompatible.
                Type 'string' is not assignable to type '"image" | "model_3d"'.
  Overload 2 of 2, '(this: ZodObject<...>, refId: string, metadata?: Partial<ZodOpenAPIMetadata<{ success: boolean; message: string; data: { assets: { _id: string; vendorId: string; kind: "image" | "model_3d"; url: string; publicId: string; mimeType: string; format: string; ... 8 more ...; attachedProductId?: string | undefined; }[]; }; }, { ...; }>> | undefined): ZodObject<...>', gave the following error.
    Argument of type '{ example: { success: boolean; message: string; data: { assets: ({ _id: string; vendorId: string; kind: string; url: string; thumbnailUrl: string; publicId: string; mimeType: string; format: string; sizeBytes: number; ... 5 more ...; posterPublicId?: never; } | { ...; })[]; }; }; }' is not assignable to parameter of type 'string'.
API/PRODUCTS/routes/index.ts(483,24): error TS2769: No overload matches this call.
  Overload 1 of 2, '(this: ZodObject<...>, metadata: Partial<ZodOpenAPIMetadata<{ name: string; description: string; category: string; characteristics: any[]; pricing: any; inventory: any; slug?: string | undefined; shortDescription?: string | undefined; brand?: string | undefined; ... 6 more ...; status?: "draft" | ... 2 more ... | undefined; }, { ...; }>>): ZodObject<...>', gave the following error.
    Type '{ name: string; description: string; category: string; characteristics: ({ name: string; value: string; highlighted: boolean; } | { name: string; value: string; highlighted?: never; })[]; pricing: { currency: string; amount: number; cost: number; }; ... 4 more ...; status: string; }' is not assignable to type '{ name: string; description: string; category: string; characteristics: any[]; pricing: any; inventory: any; slug?: string | undefined; shortDescription?: string | undefined; brand?: string | undefined; ... 6 more ...; status?: "draft" | ... 2 more ... | undefined; }'.
      Types of property 'status' are incompatible.
        Type 'string' is not assignable to type '"draft" | "active" | "archived" | undefined'.
  Overload 2 of 2, '(this: ZodObject<...>, refId: string, metadata?: Partial<ZodOpenAPIMetadata<{ name: string; description: string; category: string; characteristics: any[]; pricing: any; inventory: any; slug?: string | undefined; shortDescription?: string | undefined; ... 7 more ...; status?: "draft" | ... 2 more ... | undefined; }, { ...; }>> | undefined): ZodObject<...>', gave the following error.
    Argument of type '{ example: { name: string; description: string; category: string; characteristics: ({ name: string; value: string; highlighted: boolean; } | { name: string; value: string; highlighted?: never; })[]; pricing: { ...; }; ... 4 more ...; status: string; }; }' is not assignable to parameter of type 'string'.
API/PRODUCTS/services/create.product/index.ts(153,38): error TS2379: Argument of type '{ name: string; description: string; shortDescription: string | undefined; category: string; subcategory: string | undefined; pricing: IProductPricing; characteristics: IProductCharacteristic[]; media: IProductMedia[]; }' is not assignable to parameter of type 'ProductSnapshotSource' with 'exactOptionalPropertyTypes: true'. Consider adding 'undefined' to the types of the target's properties.
  Types of property 'shortDescription' are incompatible.
    Type 'string | undefined' is not assignable to type 'string'.
      Type 'undefined' is not assignable to type 'string'.
API/PRODUCTS/services/dispatch.vendor.product.notification/index.ts(61,20): error TS2379: Argument of type '{ userId: string; title: string; body: string; accent: "info" | "success"; email: string | undefined; metadata: { eventType: string; storeId?: string; productId: string; productName: string; status: ProductStatus; }; }' is not assignable to parameter of type '{ userId: string; title: string; body: string; accent: "info" | "success"; email?: string; metadata: Record<string, string>; }' with 'exactOptionalPropertyTypes: true'. Consider adding 'undefined' to the types of the target's properties.
  Types of property 'email' are incompatible.
    Type 'string | undefined' is not assignable to type 'string'.
      Type 'undefined' is not assignable to type 'string'.
API/PRODUCTS/services/dispatch.vendor.product.notification/index.ts(92,22): error TS2379: Argument of type '{ userId: string; title: string; body: string; accent: "info" | "success"; email: string | undefined; metadata: { eventType: string; storeId?: string; productId: string; productName: string; status: ProductStatus; }; }' is not assignable to parameter of type '{ userId: string; title: string; body: string; accent: "info" | "success"; email?: string; metadata: Record<string, string>; }' with 'exactOptionalPropertyTypes: true'. Consider adding 'undefined' to the types of the target's properties.
  Types of property 'email' are incompatible.
    Type 'string | undefined' is not assignable to type 'string'.
      Type 'undefined' is not assignable to type 'string'.
API/PRODUCTS/services/fetch.vendor.analytics/index.ts(134,27): error TS2352: Conversion of type 'IProductDocument & Required<{ _id: ObjectId; }> & { __v: number; }' to type '{ auctionSettings?: Record<string, unknown>; }' may be a mistake because neither type sufficiently overlaps with the other. If this was intentional, convert the expression to 'unknown' first.
  Types of property 'auctionSettings' are incompatible.
    Type 'IProductAuctionSettings' is not comparable to type 'Record<string, unknown>'.
      Index signature for type 'string' is missing in type 'IProductAuctionSettings'.
API/PRODUCTS/services/fetch.vendor.analytics/index.ts(242,31): error TS2352: Conversion of type 'IProductDocument & Required<{ _id: ObjectId; }> & { __v: number; }' to type '{ auctionSettings?: Record<string, unknown>; }' may be a mistake because neither type sufficiently overlaps with the other. If this was intentional, convert the expression to 'unknown' first.
  Types of property 'auctionSettings' are incompatible.
    Type 'IProductAuctionSettings' is not comparable to type 'Record<string, unknown>'.
      Index signature for type 'string' is missing in type 'IProductAuctionSettings'.
API/PRODUCTS/services/fetch.vendor.hub.stats/index.ts(53,30): error TS2769: No overload matches this call.
  Overload 1 of 2, '(filter?: _QueryFilter<{ version: number; toJSON: { <PopulatedRawDocType, DepopulatedRawDocType>(this: PopulatedDocumentMarker<PopulatedRawDocType, DepopulatedRawDocType>, options: { depopulate: true; }): Require_id<...> extends { ...; } ? { ...; } & Require_id<...> : Require_id<...> & { ...; }; <PopulatedRawDocType, DepopulatedRawDocType, O extends ToObjectOptions & { depopulate: true; }>(this: PopulatedDocumentMarker<...>, options: O): ApplyVersionKey<...>; <PopulatedRawDocType, O extends ToObjectOptions>(this: PopulatedDocumentMarker<...>, options: O): ApplyVersionKey<...>; <PopulatedRawDocType>(this: PopulatedDocumentMarker<...>): Require_id<...> extends { ...; } ? { ...; } & Require_id<...> : Require_id<...> & { ...; }; <O extends ToObjectOptions>(options: O): ApplyVersionKey<...>; (options?: ToObjectOptions<...> | undefined): any; <T>(options?: ToObjectOptions<...> | undefined): Require_id<...> & { ...; }; }; ... 276 more ...; "auctionSettings.minimumIncrement": number | undefined; }> | undefined, options?: (CountOptions & ... 2 more ... & Abortable) | ... 1 more ... | undefined): Query<...>', gave the following error.
    Argument of type '{ status: string; }' is not assignable to parameter of type '_QueryFilter<{ version: number; toJSON: { <PopulatedRawDocType, DepopulatedRawDocType>(this: PopulatedDocumentMarker<PopulatedRawDocType, DepopulatedRawDocType>, options: { depopulate: true; }): Require_id<...> extends { ...; } ? { ...; } & Require_id<...> : Require_id<...> & { ...; }; <PopulatedRawDocType, Depopula...'.
      Types of property 'status' are incompatible.
        Type 'string' is not assignable to type 'StrictCondition<ApplyBasicQueryCasting<NonNullable<ProductStatus>>>'.
  Overload 2 of 2, '(filter?: Query<any, any, {}, unknown, "find", Record<string, never>> | undefined, options?: (CountOptions & Pick<QueryOptions<IProductDocument>, "timestamps" | ... 1 more ... | "lean"> & { ...; } & Abortable) | null | undefined): Query<...>', gave the following error.
    Argument of type '{ status: string; }' is not assignable to parameter of type 'Query<any, any, {}, unknown, "find", Record<string, never>>'.
      Type '{ status: string; }' is missing the following properties from type 'Query<any, any, {}, unknown, "find", Record<string, never>>': _mongooseOptions, exec, $where, all, and 94 more.
API/PRODUCTS/services/update.product/index.ts(111,21): error TS2339: Property 'auctionSettings' does not exist on type '{ version: number; appendMediaAssetIds: string[]; removeMediaPublicIds: string[]; name?: string | undefined; slug?: string | undefined; description?: string | undefined; shortDescription?: string | undefined; ... 12 more ...; primaryMediaPublicId?: string | undefined; }'.
API/PRODUCTS/services/update.product/index.ts(112,50): error TS2339: Property 'auctionSettings' does not exist on type '{ version: number; appendMediaAssetIds: string[]; removeMediaPublicIds: string[]; name?: string | undefined; slug?: string | undefined; description?: string | undefined; shortDescription?: string | undefined; ... 12 more ...; primaryMediaPublicId?: string | undefined; }'.
API/PRODUCTS/services/update.product/index.ts(127,68): error TS2379: Argument of type '{ name: string; description: string; shortDescription: string | undefined; category: string; subcategory: string | undefined; pricing: IProductPricing; characteristics: IProductCharacteristic[]; media: { ...; }[]; }' is not assignable to parameter of type 'ProductSnapshotSource' with 'exactOptionalPropertyTypes: true'. Consider adding 'undefined' to the types of the target's properties.
  Types of property 'shortDescription' are incompatible.
    Type 'string | undefined' is not assignable to type 'string'.
      Type 'undefined' is not assignable to type 'string'.
API/PRODUCTS/services/update.product/index.ts(146,48): error TS2379: Argument of type '{ name: string; description: string; shortDescription: string | undefined; category: string; subcategory: string | undefined; pricing: IProductPricing; characteristics: IProductCharacteristic[]; media: { ...; }[]; }' is not assignable to parameter of type 'ProductSnapshotSource' with 'exactOptionalPropertyTypes: true'. Consider adding 'undefined' to the types of the target's properties.
  Types of property 'shortDescription' are incompatible.
    Type 'string | undefined' is not assignable to type 'string'.
      Type 'undefined' is not assignable to type 'string'.
API/PRODUCTS/services/update.product/index.ts(178,21): error TS2322: Type '"product.updated"' is not assignable to type '"viewer.joined" | "comment.created" | "bid.placed" | "auction.created" | "auction.closed" | "auction.order_ready" | "livestream.products-updated" | "livestream.status" | "livestream.ended" | "viewer.count" | "like.created"'.
API/PRODUCTS/utils/productVersion.ts(17,99): error TS2375: Type '{ name: string; description: string; shortDescription: string | undefined; category: string; subcategory: string | undefined; pricing: { currency: string; amount: number; compareAtAmount?: number; cost: number; taxInclusive: boolean; }; characteristics: { ...; }[]; media: { ...; }[]; }' is not assignable to type 'IProductVersionSnapshot' with 'exactOptionalPropertyTypes: true'. Consider adding 'undefined' to the types of the target's properties.
  Types of property 'shortDescription' are incompatible.
    Type 'string | undefined' is not assignable to type 'string'.
      Type 'undefined' is not assignable to type 'string'.
API/PROMOS/routes/index.ts(180,24): error TS2769: No overload matches this call.
  Overload 1 of 2, '(this: ZodObject<...>, metadata: Partial<ZodOpenAPIMetadata<{ success: boolean; message: string; data: { promo: { _id: string; createdBy: string; creatorRole: "vendor" | "admin"; scope: "category" | "product" | "platform" | "logistics"; title: string; ... 24 more ...; approvalNote?: string | undefined; }; }; }, { ...; }>>): ZodObject<...>', gave the following error.
    Type '{ _id: string; createdBy: string; creatorRole: string; scope: string; title: string; type: string; value: number; code: string; productIds: string[]; categories: never[]; applyPlatformWide: boolean; isLogisticsPromo: boolean; ... 8 more ...; updatedAt: string; }' is not assignable to type '{ _id: string; createdBy: string; creatorRole: "vendor" | "admin"; scope: "category" | "product" | "platform" | "logistics"; title: string; type: "fixed" | "percentage"; value: number; ... 22 more ...; approvalNote?: string | undefined; }'.
      Types of property 'creatorRole' are incompatible.
        Type 'string' is not assignable to type '"vendor" | "admin"'.
  Overload 2 of 2, '(this: ZodObject<...>, refId: string, metadata?: Partial<ZodOpenAPIMetadata<{ success: boolean; message: string; data: { promo: { _id: string; createdBy: string; creatorRole: "vendor" | "admin"; scope: "category" | "product" | "platform" | "logistics"; ... 25 more ...; approvalNote?: string | undefined; }; }; }, { ...; }>> | undefined): ZodObject<...>', gave the following error.
    Argument of type '{ example: { success: boolean; message: string; data: { promo: { _id: string; createdBy: string; creatorRole: string; scope: string; title: string; type: string; value: number; code: string; productIds: string[]; ... 11 more ...; updatedAt: string; }; }; }; }' is not assignable to parameter of type 'string'.
API/STORES/services/create.store/index.ts(48,44): error TS2769: No overload matches this call.
  The last overload gave the following error.
    Argument of type '{ status: "active"; isDefault: boolean; googlePlaceId?: string; location?: { lat: number; lng: number; }; address?: { formattedAddress?: string | undefined; line1?: string | undefined; line2?: string | undefined; city?: string | undefined; state?: string | undefined; country?: string | undefined; postalCode?: string...' is not assignable to parameter of type '{ vendorId?: ObjectIdQueryTypeCasting; name?: string | RegExp; slug?: string | RegExp; description?: string | RegExp; logoUrl?: string | RegExp; ... 66 more ...; validateSync?: { ...; }; }' with 'exactOptionalPropertyTypes: true'. Consider adding 'undefined' to the types of the target's properties.
      Types of property 'description' are incompatible.
        Type 'string | undefined' is not assignable to type 'string | RegExp'.
          Type 'undefined' is not assignable to type 'string | RegExp'.
API/STORES/services/create.store/index.ts(62,44): error TS2339: Property '_id' does not exist on type 'never'.
API/STORES/services/fetch.public.store/index.ts(49,21): error TS2345: Argument of type '{ _id: unknown; name: string; category?: string; pricing?: { amount?: number; currency?: string; compareAtAmount?: number; }; media?: { url?: string; thumbnailUrl?: string; }[]; shortDescription?: string; inventory?: { quantity?: number; }; }[]' is not assignable to parameter of type 'ProductWithPricing[]'.
  Type '{ _id: unknown; name: string; category?: string; pricing?: { amount?: number; currency?: string; compareAtAmount?: number; }; media?: { url?: string; thumbnailUrl?: string; }[]; shortDescription?: string; inventory?: { quantity?: number; }; }' is not assignable to type 'ProductWithPricing' with 'exactOptionalPropertyTypes: true'. Consider adding 'undefined' to the types of the target's properties.
    Types of property 'pricing' are incompatible.
      Type '{ amount?: number; currency?: string; compareAtAmount?: number; }' is missing the following properties from type 'IProductPricing': cost, taxInclusive
API/STORES/services/fetch.public.store/index.ts(50,25): error TS2339: Property '_id' does not exist on type 'ProductWithPricing & { pricing: { originalPrice: number; discountedPrice: number; hasActivePromo: boolean; activePromo: null; activePromos: never[]; currency: string; amount: number; compareAtAmount?: number; cost: number; taxInclusive: boolean; }; }'.
API/STORES/services/fetch.public.store/index.ts(51,19): error TS2339: Property 'name' does not exist on type 'ProductWithPricing & { pricing: { originalPrice: number; discountedPrice: number; hasActivePromo: boolean; activePromo: null; activePromos: never[]; currency: string; amount: number; compareAtAmount?: number; cost: number; taxInclusive: boolean; }; }'.
API/STORES/services/fetch.public.store/index.ts(52,23): error TS2339: Property 'category' does not exist on type 'ProductWithPricing & { pricing: { originalPrice: number; discountedPrice: number; hasActivePromo: boolean; activePromo: null; activePromos: never[]; currency: string; amount: number; compareAtAmount?: number; cost: number; taxInclusive: boolean; }; }'.
API/STORES/services/fetch.public.store/index.ts(55,31): error TS2339: Property 'shortDescription' does not exist on type 'ProductWithPricing & { pricing: { originalPrice: number; discountedPrice: number; hasActivePromo: boolean; activePromo: null; activePromos: never[]; currency: string; amount: number; compareAtAmount?: number; cost: number; taxInclusive: boolean; }; }'.
API/STORES/services/fetch.public.store/index.ts(56,24): error TS2339: Property 'inventory' does not exist on type 'ProductWithPricing & { pricing: { originalPrice: number; discountedPrice: number; hasActivePromo: boolean; activePromo: null; activePromos: never[]; currency: string; amount: number; compareAtAmount?: number; cost: number; taxInclusive: boolean; }; }'.
API/STORES/services/fetch.public.store/index.ts(57,49): error TS2339: Property '_id' does not exist on type 'ProductWithPricing & { pricing: { originalPrice: number; discountedPrice: number; hasActivePromo: boolean; activePromo: null; activePromos: never[]; currency: string; amount: number; compareAtAmount?: number; cost: number; taxInclusive: boolean; }; }'.
API/STORES/services/fetch.public.store/index.ts(110,9): error TS2322: Type '{ _id: string; name: any; category: any; pricing: IProductPricing & { originalPrice: number; discountedPrice: number; hasActivePromo: boolean; activePromo: null; activePromos: never[]; ... 4 more ...; taxInclusive: boolean; }; media: IProductMedia[] | undefined; shortDescription: any; inventory: any; soldCount: numb...' is not assignable to type 'PublicStorefrontProduct[]'.
  Type '{ _id: string; name: any; category: any; pricing: IProductPricing & { originalPrice: number; discountedPrice: number; hasActivePromo: boolean; activePromo: null; activePromos: never[]; ... 4 more ...; taxInclusive: boolean; }; media: IProductMedia[] | undefined; shortDescription: any; inventory: any; soldCount: numb...' is not assignable to type 'PublicStorefrontProduct' with 'exactOptionalPropertyTypes: true'. Consider adding 'undefined' to the types of the target's properties.
    Types of property 'media' are incompatible.
      Type 'IProductMedia[] | undefined' is not assignable to type '{ url?: string; thumbnailUrl?: string; }[]'.
        Type 'undefined' is not assignable to type '{ url?: string; thumbnailUrl?: string; }[]'.
API/STORES/services/fetch.public.store/index.ts(161,7): error TS2322: Type '{ _id: string; name: any; category: any; pricing: IProductPricing & { originalPrice: number; discountedPrice: number; hasActivePromo: boolean; activePromo: null; activePromos: never[]; ... 4 more ...; taxInclusive: boolean; }; media: IProductMedia[] | undefined; shortDescription: any; inventory: any; soldCount: numb...' is not assignable to type 'PublicStorefrontProduct[]'.
  Type '{ _id: string; name: any; category: any; pricing: IProductPricing & { originalPrice: number; discountedPrice: number; hasActivePromo: boolean; activePromo: null; activePromos: never[]; ... 4 more ...; taxInclusive: boolean; }; media: IProductMedia[] | undefined; shortDescription: any; inventory: any; soldCount: numb...' is not assignable to type 'PublicStorefrontProduct' with 'exactOptionalPropertyTypes: true'. Consider adding 'undefined' to the types of the target's properties.
    Types of property 'media' are incompatible.
      Type 'IProductMedia[] | undefined' is not assignable to type '{ url?: string; thumbnailUrl?: string; }[]'.
        Type 'undefined' is not assignable to type '{ url?: string; thumbnailUrl?: string; }[]'.
API/STORES/services/fetch.public.storefronts/index.ts(26,21): error TS2345: Argument of type '{ _id: unknown; name: string; category?: string; pricing?: { amount?: number; currency?: string; compareAtAmount?: number; }; media?: { url?: string; thumbnailUrl?: string; }[]; shortDescription?: string; inventory?: { quantity?: number; }; }[]' is not assignable to parameter of type 'ProductWithPricing[]'.
  Type '{ _id: unknown; name: string; category?: string; pricing?: { amount?: number; currency?: string; compareAtAmount?: number; }; media?: { url?: string; thumbnailUrl?: string; }[]; shortDescription?: string; inventory?: { quantity?: number; }; }' is not assignable to type 'ProductWithPricing' with 'exactOptionalPropertyTypes: true'. Consider adding 'undefined' to the types of the target's properties.
    Types of property 'pricing' are incompatible.
      Type '{ amount?: number; currency?: string; compareAtAmount?: number; }' is missing the following properties from type 'IProductPricing': cost, taxInclusive
API/STORES/services/fetch.public.storefronts/index.ts(27,25): error TS2339: Property '_id' does not exist on type 'ProductWithPricing & { pricing: { originalPrice: number; discountedPrice: number; hasActivePromo: boolean; activePromo: null; activePromos: never[]; currency: string; amount: number; compareAtAmount?: number; cost: number; taxInclusive: boolean; }; }'.
API/STORES/services/fetch.public.storefronts/index.ts(28,19): error TS2339: Property 'name' does not exist on type 'ProductWithPricing & { pricing: { originalPrice: number; discountedPrice: number; hasActivePromo: boolean; activePromo: null; activePromos: never[]; currency: string; amount: number; compareAtAmount?: number; cost: number; taxInclusive: boolean; }; }'.
API/STORES/services/fetch.public.storefronts/index.ts(29,23): error TS2339: Property 'category' does not exist on type 'ProductWithPricing & { pricing: { originalPrice: number; discountedPrice: number; hasActivePromo: boolean; activePromo: null; activePromos: never[]; currency: string; amount: number; compareAtAmount?: number; cost: number; taxInclusive: boolean; }; }'.
API/STORES/services/fetch.public.storefronts/index.ts(32,31): error TS2339: Property 'shortDescription' does not exist on type 'ProductWithPricing & { pricing: { originalPrice: number; discountedPrice: number; hasActivePromo: boolean; activePromo: null; activePromos: never[]; currency: string; amount: number; compareAtAmount?: number; cost: number; taxInclusive: boolean; }; }'.
API/STORES/services/fetch.public.storefronts/index.ts(33,24): error TS2339: Property 'inventory' does not exist on type 'ProductWithPricing & { pricing: { originalPrice: number; discountedPrice: number; hasActivePromo: boolean; activePromo: null; activePromos: never[]; currency: string; amount: number; compareAtAmount?: number; cost: number; taxInclusive: boolean; }; }'.
API/STORES/services/fetch.public.storefronts/index.ts(108,11): error TS2322: Type '{ id: string; name: string; slug: string; description: string | undefined; logoUrl: string | null; vendorId: string; vendorName: string; productCount: number; products: { _id: string; name: any; ... 4 more ...; inventory: any; }[]; activeLivestream: { ...; } | null; }[]' is not assignable to type 'PublicStorefront[]'.
  Type '{ id: string; name: string; slug: string; description: string | undefined; logoUrl: string | null; vendorId: string; vendorName: string; productCount: number; products: { _id: string; name: any; ... 4 more ...; inventory: any; }[]; activeLivestream: { ...; } | null; }' is not assignable to type 'PublicStorefront' with 'exactOptionalPropertyTypes: true'. Consider adding 'undefined' to the types of the target's properties.
    Types of property 'description' are incompatible.
      Type 'string | undefined' is not assignable to type 'string'.
        Type 'undefined' is not assignable to type 'string'.
API/STORES/services/fetch.public.storefronts/index.ts(169,11): error TS2322: Type '{ _id: string; name: any; category: any; pricing: IProductPricing & { originalPrice: number; discountedPrice: number; hasActivePromo: boolean; activePromo: null; activePromos: never[]; ... 4 more ...; taxInclusive: boolean; }; media: IProductMedia[] | undefined; shortDescription: any; inventory: any; }[]' is not assignable to type 'PublicStorefrontProduct[]'.
  Type '{ _id: string; name: any; category: any; pricing: IProductPricing & { originalPrice: number; discountedPrice: number; hasActivePromo: boolean; activePromo: null; activePromos: never[]; ... 4 more ...; taxInclusive: boolean; }; media: IProductMedia[] | undefined; shortDescription: any; inventory: any; }' is not assignable to type 'PublicStorefrontProduct' with 'exactOptionalPropertyTypes: true'. Consider adding 'undefined' to the types of the target's properties.
    Types of property 'media' are incompatible.
      Type 'IProductMedia[] | undefined' is not assignable to type '{ url?: string; thumbnailUrl?: string; }[]'.
        Type 'undefined' is not assignable to type '{ url?: string; thumbnailUrl?: string; }[]'.
CORE/handlers/error/index.ts(14,7): error TS2412: Type 'string | undefined' is not assignable to type 'string' with 'exactOptionalPropertyTypes: true'. Consider adding 'undefined' to the type of the target.
  Type 'undefined' is not assignable to type 'string'.
CORE/handlers/error/index.ts(18,7): error TS2412: Type 'string | undefined' is not assignable to type 'string' with 'exactOptionalPropertyTypes: true'. Consider adding 'undefined' to the type of the target.
  Type 'undefined' is not assignable to type 'string'.
CORE/services/kafka/consumer.ts(56,52): error TS2379: Argument of type '{ clientId: string; brokers: string[]; saslUsername: string | undefined; saslPassword: string | undefined; ssl: boolean | undefined; }' is not assignable to parameter of type 'KafkaConnectionSettings' with 'exactOptionalPropertyTypes: true'. Consider adding 'undefined' to the types of the target's properties.
  Types of property 'saslUsername' are incompatible.
    Type 'string | undefined' is not assignable to type 'string'.
      Type 'undefined' is not assignable to type 'string'.
CORE/services/kafka/ensureTopics.ts(19,50): error TS2379: Argument of type '{ clientId: string; brokers: string[]; saslUsername: string | undefined; saslPassword: string | undefined; ssl: boolean | undefined; }' is not assignable to parameter of type 'KafkaConnectionSettings' with 'exactOptionalPropertyTypes: true'. Consider adding 'undefined' to the types of the target's properties.
  Types of property 'saslUsername' are incompatible.
    Type 'string | undefined' is not assignable to type 'string'.
      Type 'undefined' is not assignable to type 'string'.
CORE/services/kafka/index.ts(17,50): error TS2379: Argument of type '{ clientId: string; brokers: string[]; saslUsername: string | undefined; saslPassword: string | undefined; ssl: boolean | undefined; }' is not assignable to parameter of type 'KafkaConnectionSettings' with 'exactOptionalPropertyTypes: true'. Consider adding 'undefined' to the types of the target's properties.
  Types of property 'saslUsername' are incompatible.
    Type 'string | undefined' is not assignable to type 'string'.
      Type 'undefined' is not assignable to type 'string'.
CORE/services/livestreams/provider/index.ts(46,67): error TS2379: Argument of type '{ channelName: string; uid: number; role: "publisher"; expireSeconds: number | undefined; }' is not assignable to parameter of type '{ channelName: string; uid?: number; role: AgoraUserRole; expireSeconds?: number; }' with 'exactOptionalPropertyTypes: true'. Consider adding 'undefined' to the types of the target's properties.
  Types of property 'expireSeconds' are incompatible.
    Type 'number | undefined' is not assignable to type 'number'.
      Type 'undefined' is not assignable to type 'number'.
CORE/services/livestreams/provider/index.ts(73,7): error TS2375: Type '{ provider: "cloudflare"; channelName: string; hostToken: string; playbackUrl: string | undefined; }' is not assignable to type 'LivestreamPublisherCredentials' with 'exactOptionalPropertyTypes: true'. Consider adding 'undefined' to the types of the target's properties.
  Types of property 'playbackUrl' are incompatible.
    Type 'string | undefined' is not assignable to type 'string'.
      Type 'undefined' is not assignable to type 'string'.
CORE/services/livestreams/provider/index.ts(83,67): error TS2379: Argument of type '{ channelName: string; uid: number; role: "subscriber"; expireSeconds: number | undefined; }' is not assignable to parameter of type '{ channelName: string; uid?: number; role: AgoraUserRole; expireSeconds?: number; }' with 'exactOptionalPropertyTypes: true'. Consider adding 'undefined' to the types of the target's properties.
  Types of property 'expireSeconds' are incompatible.
    Type 'number | undefined' is not assignable to type 'number'.
      Type 'undefined' is not assignable to type 'number'.
CORE/services/livestreams/provider/index.ts(113,67): error TS2379: Argument of type '{ channelName: string; uid: number; role: "publisher"; expireSeconds: number | undefined; }' is not assignable to parameter of type '{ channelName: string; uid?: number; role: AgoraUserRole; expireSeconds?: number; }' with 'exactOptionalPropertyTypes: true'. Consider adding 'undefined' to the types of the target's properties.
  Types of property 'expireSeconds' are incompatible.
    Type 'number | undefined' is not assignable to type 'number'.
      Type 'undefined' is not assignable to type 'number'.
CORE/services/livestreams/provider/settings.ts(20,53): error TS2353: Object literal may only specify known properties, and 'singletonKey' does not exist in type 'Query<any, any, {}, unknown, "find", Record<string, never>>'.
CORE/services/livestreams/recording/index.ts(14,93): error TS2375: Type '{ agoraRecordingResourceId: string | undefined; agoraRecordingSid: string | undefined; agoraRecordingUid: number | undefined; cloudflareInputId: string | undefined; }' is not assignable to type 'RecordingMetadata' with 'exactOptionalPropertyTypes: true'. Consider adding 'undefined' to the types of the target's properties.
  Types of property 'agoraRecordingResourceId' are incompatible.
    Type 'string | undefined' is not assignable to type 'string'.
      Type 'undefined' is not assignable to type 'string'.
CORE/services/logger/index.ts(25,33): error TS2339: Property 'serviceName' does not exist on type '{ readonly port: number; readonly NODE_ENV: "development" | "staging" | "production" | "test"; readonly PORT: number; readonly corsOrigin: string; readonly API_VERSION: string; readonly JWT_ACCESS_SECRET: string; readonly financeUrl: string; }'.
CORE/services/logger/index.ts(26,36): error TS2339: Property 'serviceVersion' does not exist on type '{ readonly port: number; readonly NODE_ENV: "development" | "staging" | "production" | "test"; readonly PORT: number; readonly corsOrigin: string; readonly API_VERSION: string; readonly JWT_ACCESS_SECRET: string; readonly financeUrl: string; }'.
CORE/services/logger/index.ts(28,26): error TS2339: Property 'logLevel' does not exist on type '{ readonly port: number; readonly NODE_ENV: "development" | "staging" | "production" | "test"; readonly PORT: number; readonly corsOrigin: string; readonly API_VERSION: string; readonly JWT_ACCESS_SECRET: string; readonly financeUrl: string; }'.
scripts/ensure-livestream-provider.ts(29,26): error TS2345: Argument of type 'string | undefined' is not assignable to parameter of type 'string'.
  Type 'undefined' is not assignable to type 'string'.
scripts/ensure-livestream-provider.ts(31,7): error TS2769: No overload matches this call.
  The last overload gave the following error.
    Object literal may only specify known properties, and 'singletonKey' does not exist in type 'Query<any, any, {}, unknown, "find", Record<string, never>>'.
